MIME-Version: 1.0
Content-Type: multipart/mixed; boundary="//"

--//
Content-Type: text/x-shellscript; charset="us-ascii"

#!/bin/bash -xe
exec > >(tee /var/log/user-data.log|logger -t user-data -s 2>/dev/console) 2>&1
/etc/eks/bootstrap.sh 'test-cluster' --apiserver-endpoint 'https://test-cluster' --b64-cluster-ca 'ca-bundle' \
--use-max-pods false \
--container-runtime containerd \
--kubelet-extra-args '--node-labels=karpenter.sh/capacity-type=on-demand,karpenter.sh/provisioner-name=%s,testing.karpenter.sh/test-id=unspecified  --max-pods=110'
--//--
